[2023-08-16T17:26:56.099-0500][gc,heap] Heap region size: 1M
[2023-08-16T17:26:56.103-0500][gc     ] Using G1
[2023-08-16T17:26:56.103-0500][gc,heap,coops] Heap address: 0x00000000c0000000, size: 1024 MB, Compressed Oops mode: 32-bit
[2023-08-16T17:26:56.103-0500][gc,cds       ] Mark closed archive regions in map: [0x00000000fff00000, 0x00000000fff6bff8]
[2023-08-16T17:26:56.103-0500][gc,cds       ] Mark open archive regions in map: [0x00000000ffe00000, 0x00000000ffe47ff8]
[2023-08-16T17:26:56.751-0500][gc,start     ] GC(0) Pause Young (Normal) (G1 Evacuation Pause)
[2023-08-16T17:26:56.753-0500][gc,task      ] GC(0) Using 10 workers of 10 for evacuation
[2023-08-16T17:26:56.761-0500][gc,phases    ] GC(0)   Pre Evacuate Collection Set: 0.0ms
[2023-08-16T17:26:56.761-0500][gc,phases    ] GC(0)   Evacuate Collection Set: 7.5ms
[2023-08-16T17:26:56.761-0500][gc,phases    ] GC(0)   Post Evacuate Collection Set: 0.9ms
[2023-08-16T17:26:56.761-0500][gc,phases    ] GC(0)   Other: 1.7ms
[2023-08-16T17:26:56.761-0500][gc,heap      ] GC(0) Eden regions: 51->0(44)
[2023-08-16T17:26:56.761-0500][gc,heap      ] GC(0) Survivor regions: 0->7(7)
[2023-08-16T17:26:56.761-0500][gc,heap      ] GC(0) Old regions: 2->2
[2023-08-16T17:26:56.761-0500][gc,heap      ] GC(0) Humongous regions: 0->0
[2023-08-16T17:26:56.761-0500][gc,metaspace ] GC(0) Metaspace: 14190K(15104K)->14190K(15104K) NonClass: 12448K(13056K)->12448K(13056K) Class: 1742K(2048K)->1742K(2048K)
[2023-08-16T17:26:56.761-0500][gc           ] GC(0) Pause Young (Normal) (G1 Evacuation Pause) 51M->7M(1024M) 10.264ms
[2023-08-16T17:26:56.761-0500][gc,cpu       ] GC(0) User=0.06s Sys=0.02s Real=0.01s
[2023-08-16T17:26:57.120-0500][gc,start     ] GC(1) Pause Young (Concurrent Start) (Metadata GC Threshold)
[2023-08-16T17:26:57.121-0500][gc,task      ] GC(1) Using 10 workers of 10 for evacuation
[2023-08-16T17:26:57.129-0500][gc,phases    ] GC(1)   Pre Evacuate Collection Set: 0.1ms
[2023-08-16T17:26:57.129-0500][gc,phases    ] GC(1)   Evacuate Collection Set: 7.4ms
[2023-08-16T17:26:57.129-0500][gc,phases    ] GC(1)   Post Evacuate Collection Set: 0.8ms
[2023-08-16T17:26:57.129-0500][gc,phases    ] GC(1)   Other: 0.3ms
[2023-08-16T17:26:57.129-0500][gc,heap      ] GC(1) Eden regions: 30->0(49)
[2023-08-16T17:26:57.129-0500][gc,heap      ] GC(1) Survivor regions: 7->2(7)
[2023-08-16T17:26:57.129-0500][gc,heap      ] GC(1) Old regions: 2->9
[2023-08-16T17:26:57.129-0500][gc,heap      ] GC(1) Humongous regions: 0->0
[2023-08-16T17:26:57.129-0500][gc,metaspace ] GC(1) Metaspace: 20529K(21248K)->20529K(21248K) NonClass: 18049K(18432K)->18049K(18432K) Class: 2480K(2816K)->2480K(2816K)
[2023-08-16T17:26:57.129-0500][gc           ] GC(1) Pause Young (Concurrent Start) (Metadata GC Threshold) 37M->8M(1024M) 8.684ms
[2023-08-16T17:26:57.129-0500][gc,cpu       ] GC(1) User=0.00s Sys=0.05s Real=0.01s
[2023-08-16T17:26:57.129-0500][gc           ] GC(2) Concurrent Cycle
[2023-08-16T17:26:57.129-0500][gc,marking   ] GC(2) Concurrent Clear Claimed Marks
[2023-08-16T17:26:57.129-0500][gc,marking   ] GC(2) Concurrent Clear Claimed Marks 0.072ms
[2023-08-16T17:26:57.129-0500][gc,marking   ] GC(2) Concurrent Scan Root Regions
[2023-08-16T17:26:57.131-0500][gc,marking   ] GC(2) Concurrent Scan Root Regions 1.309ms
[2023-08-16T17:26:57.131-0500][gc,marking   ] GC(2) Concurrent Mark (1.034s)
[2023-08-16T17:26:57.131-0500][gc,marking   ] GC(2) Concurrent Mark From Roots
[2023-08-16T17:26:57.131-0500][gc,task      ] GC(2) Using 3 workers of 3 for marking
[2023-08-16T17:26:57.134-0500][gc,marking   ] GC(2) Concurrent Mark From Roots 2.833ms
[2023-08-16T17:26:57.134-0500][gc,marking   ] GC(2) Concurrent Preclean
[2023-08-16T17:26:57.134-0500][gc,marking   ] GC(2) Concurrent Preclean 0.072ms
[2023-08-16T17:26:57.134-0500][gc,marking   ] GC(2) Concurrent Mark (1.034s, 1.037s) 2.991ms
[2023-08-16T17:26:57.134-0500][gc,start     ] GC(2) Pause Remark
[2023-08-16T17:26:57.136-0500][gc,stringtable] GC(2) Cleaned string and symbol table, strings: 5129 processed, 0 removed, symbols: 52905 processed, 43 removed
[2023-08-16T17:26:57.137-0500][gc            ] GC(2) Pause Remark 8M->8M(1024M) 2.875ms
[2023-08-16T17:26:57.137-0500][gc,cpu        ] GC(2) User=0.02s Sys=0.01s Real=0.00s
[2023-08-16T17:26:57.137-0500][gc,marking    ] GC(2) Concurrent Rebuild Remembered Sets
[2023-08-16T17:26:57.139-0500][gc,marking    ] GC(2) Concurrent Rebuild Remembered Sets 1.831ms
[2023-08-16T17:26:57.139-0500][gc,start      ] GC(2) Pause Cleanup
[2023-08-16T17:26:57.140-0500][gc            ] GC(2) Pause Cleanup 8M->8M(1024M) 0.342ms
[2023-08-16T17:26:57.140-0500][gc,cpu        ] GC(2) User=0.01s Sys=0.00s Real=0.00s
[2023-08-16T17:26:57.140-0500][gc,marking    ] GC(2) Concurrent Cleanup for Next Mark
[2023-08-16T17:26:57.141-0500][gc,marking    ] GC(2) Concurrent Cleanup for Next Mark 1.586ms
[2023-08-16T17:26:57.141-0500][gc            ] GC(2) Concurrent Cycle 12.092ms
[2023-08-16T17:26:57.567-0500][gc,start      ] GC(3) Pause Young (Normal) (G1 Evacuation Pause)
[2023-08-16T17:26:57.567-0500][gc,task       ] GC(3) Using 10 workers of 10 for evacuation
[2023-08-16T17:26:57.569-0500][gc,phases     ] GC(3)   Pre Evacuate Collection Set: 0.0ms
[2023-08-16T17:26:57.569-0500][gc,phases     ] GC(3)   Evacuate Collection Set: 2.0ms
[2023-08-16T17:26:57.569-0500][gc,phases     ] GC(3)   Post Evacuate Collection Set: 0.6ms
[2023-08-16T17:26:57.569-0500][gc,phases     ] GC(3)   Other: 0.2ms
[2023-08-16T17:26:57.569-0500][gc,heap       ] GC(3) Eden regions: 49->0(46)
[2023-08-16T17:26:57.569-0500][gc,heap       ] GC(3) Survivor regions: 2->5(7)
[2023-08-16T17:26:57.569-0500][gc,heap       ] GC(3) Old regions: 9->9
[2023-08-16T17:26:57.569-0500][gc,heap       ] GC(3) Humongous regions: 129->129
[2023-08-16T17:26:57.569-0500][gc,metaspace  ] GC(3) Metaspace: 28829K(30080K)->28829K(30080K) NonClass: 25435K(26112K)->25435K(26112K) Class: 3394K(3968K)->3394K(3968K)
[2023-08-16T17:26:57.570-0500][gc            ] GC(3) Pause Young (Normal) (G1 Evacuation Pause) 186M->140M(1024M) 2.898ms
[2023-08-16T17:26:57.570-0500][gc,cpu        ] GC(3) User=0.03s Sys=0.01s Real=0.00s
[2023-08-16T17:26:57.826-0500][gc,start      ] GC(4) Pause Young (Concurrent Start) (Metadata GC Threshold)
[2023-08-16T17:26:57.826-0500][gc,task       ] GC(4) Using 10 workers of 10 for evacuation
[2023-08-16T17:26:57.834-0500][gc,phases     ] GC(4)   Pre Evacuate Collection Set: 0.1ms
[2023-08-16T17:26:57.834-0500][gc,phases     ] GC(4)   Evacuate Collection Set: 7.4ms
[2023-08-16T17:26:57.834-0500][gc,phases     ] GC(4)   Post Evacuate Collection Set: 0.8ms
[2023-08-16T17:26:57.834-0500][gc,phases     ] GC(4)   Other: 0.3ms
[2023-08-16T17:26:57.834-0500][gc,heap       ] GC(4) Eden regions: 29->0(45)
[2023-08-16T17:26:57.834-0500][gc,heap       ] GC(4) Survivor regions: 5->6(7)
[2023-08-16T17:26:57.834-0500][gc,heap       ] GC(4) Old regions: 9->10
[2023-08-16T17:26:57.834-0500][gc,heap       ] GC(4) Humongous regions: 129->129
[2023-08-16T17:26:57.834-0500][gc,metaspace  ] GC(4) Metaspace: 34413K(35840K)->34413K(35840K) NonClass: 30391K(31104K)->30391K(31104K) Class: 4021K(4736K)->4021K(4736K)
[2023-08-16T17:26:57.834-0500][gc            ] GC(4) Pause Young (Concurrent Start) (Metadata GC Threshold) 169M->142M(1024M) 8.703ms
[2023-08-16T17:26:57.834-0500][gc,cpu        ] GC(4) User=0.04s Sys=0.00s Real=0.01s
[2023-08-16T17:26:57.834-0500][gc            ] GC(5) Concurrent Cycle
[2023-08-16T17:26:57.834-0500][gc,marking    ] GC(5) Concurrent Clear Claimed Marks
[2023-08-16T17:26:57.834-0500][gc,marking    ] GC(5) Concurrent Clear Claimed Marks 0.057ms
[2023-08-16T17:26:57.834-0500][gc,marking    ] GC(5) Concurrent Scan Root Regions
[2023-08-16T17:26:57.836-0500][gc,marking    ] GC(5) Concurrent Scan Root Regions 1.949ms
[2023-08-16T17:26:57.836-0500][gc,marking    ] GC(5) Concurrent Mark (1.740s)
[2023-08-16T17:26:57.837-0500][gc,marking    ] GC(5) Concurrent Mark From Roots
[2023-08-16T17:26:57.837-0500][gc,task       ] GC(5) Using 3 workers of 3 for marking
[2023-08-16T17:26:57.845-0500][gc,marking    ] GC(5) Concurrent Mark From Roots 8.123ms
[2023-08-16T17:26:57.845-0500][gc,marking    ] GC(5) Concurrent Preclean
[2023-08-16T17:26:57.845-0500][gc,marking    ] GC(5) Concurrent Preclean 0.730ms
[2023-08-16T17:26:57.846-0500][gc,marking    ] GC(5) Concurrent Mark (1.740s, 1.749s) 9.007ms
[2023-08-16T17:26:57.846-0500][gc,start      ] GC(5) Pause Remark
[2023-08-16T17:26:57.851-0500][gc,stringtable] GC(5) Cleaned string and symbol table, strings: 9805 processed, 13 removed, symbols: 86031 processed, 15 removed
[2023-08-16T17:26:57.851-0500][gc            ] GC(5) Pause Remark 143M->143M(1024M) 5.031ms
[2023-08-16T17:26:57.851-0500][gc,cpu        ] GC(5) User=0.04s Sys=0.00s Real=0.01s
[2023-08-16T17:26:57.851-0500][gc,marking    ] GC(5) Concurrent Rebuild Remembered Sets
[2023-08-16T17:26:57.854-0500][gc,marking    ] GC(5) Concurrent Rebuild Remembered Sets 2.505ms
[2023-08-16T17:26:57.854-0500][gc,start      ] GC(5) Pause Cleanup
[2023-08-16T17:26:57.854-0500][gc            ] GC(5) Pause Cleanup 144M->144M(1024M) 0.317ms
[2023-08-16T17:26:57.854-0500][gc,cpu        ] GC(5) User=0.00s Sys=0.00s Real=0.00s
[2023-08-16T17:26:57.855-0500][gc,marking    ] GC(5) Concurrent Cleanup for Next Mark
[2023-08-16T17:26:57.861-0500][gc,marking    ] GC(5) Concurrent Cleanup for Next Mark 6.539ms
[2023-08-16T17:26:57.861-0500][gc            ] GC(5) Concurrent Cycle 26.784ms
[2023-08-16T17:27:43.974-0500][gc,heap,exit  ] Heap
[2023-08-16T17:27:43.974-0500][gc,heap,exit  ]  garbage-first heap   total 1048576K, used 176786K [0x00000000c0000000, 0x0000000100000000)
[2023-08-16T17:27:43.974-0500][gc,heap,exit  ]   region size 1024K, 38 young (38912K), 6 survivors (6144K)
[2023-08-16T17:27:43.974-0500][gc,heap,exit  ]  Metaspace       used 39318K, capacity 41439K, committed 41728K, reserved 1085440K
[2023-08-16T17:27:43.974-0500][gc,heap,exit  ]   class space    used 5059K, capacity 6092K, committed 6144K, reserved 1048576K
