[2023-08-16T17:37:57.964-0500][gc,heap] Heap region size: 1M
[2023-08-16T17:37:57.968-0500][gc     ] Using G1
[2023-08-16T17:37:57.968-0500][gc,heap,coops] Heap address: 0x00000000c0000000, size: 1024 MB, Compressed Oops mode: 32-bit
[2023-08-16T17:37:57.969-0500][gc,cds       ] Mark closed archive regions in map: [0x00000000fff00000, 0x00000000fff6bff8]
[2023-08-16T17:37:57.969-0500][gc,cds       ] Mark open archive regions in map: [0x00000000ffe00000, 0x00000000ffe47ff8]
[2023-08-16T17:37:58.549-0500][gc,start     ] GC(0) Pause Young (Normal) (G1 Evacuation Pause)
[2023-08-16T17:37:58.550-0500][gc,task      ] GC(0) Using 10 workers of 10 for evacuation
[2023-08-16T17:37:58.557-0500][gc,phases    ] GC(0)   Pre Evacuate Collection Set: 0.0ms
[2023-08-16T17:37:58.557-0500][gc,phases    ] GC(0)   Evacuate Collection Set: 6.3ms
[2023-08-16T17:37:58.557-0500][gc,phases    ] GC(0)   Post Evacuate Collection Set: 1.0ms
[2023-08-16T17:37:58.557-0500][gc,phases    ] GC(0)   Other: 1.3ms
[2023-08-16T17:37:58.557-0500][gc,heap      ] GC(0) Eden regions: 51->0(44)
[2023-08-16T17:37:58.557-0500][gc,heap      ] GC(0) Survivor regions: 0->7(7)
[2023-08-16T17:37:58.557-0500][gc,heap      ] GC(0) Old regions: 2->2
[2023-08-16T17:37:58.557-0500][gc,heap      ] GC(0) Humongous regions: 0->0
[2023-08-16T17:37:58.557-0500][gc,metaspace ] GC(0) Metaspace: 14200K(14848K)->14200K(14848K) NonClass: 12458K(12800K)->12458K(12800K) Class: 1742K(2048K)->1742K(2048K)
[2023-08-16T17:37:58.558-0500][gc           ] GC(0) Pause Young (Normal) (G1 Evacuation Pause) 51M->7M(1024M) 8.874ms
[2023-08-16T17:37:58.558-0500][gc,cpu       ] GC(0) User=0.00s Sys=0.07s Real=0.01s
[2023-08-16T17:37:58.869-0500][gc,start     ] GC(1) Pause Young (Concurrent Start) (Metadata GC Threshold)
[2023-08-16T17:37:58.870-0500][gc,task      ] GC(1) Using 10 workers of 10 for evacuation
[2023-08-16T17:37:58.877-0500][gc,phases    ] GC(1)   Pre Evacuate Collection Set: 0.1ms
[2023-08-16T17:37:58.877-0500][gc,phases    ] GC(1)   Evacuate Collection Set: 6.2ms
[2023-08-16T17:37:58.877-0500][gc,phases    ] GC(1)   Post Evacuate Collection Set: 0.6ms
[2023-08-16T17:37:58.877-0500][gc,phases    ] GC(1)   Other: 0.3ms
[2023-08-16T17:37:58.877-0500][gc,heap      ] GC(1) Eden regions: 30->0(49)
[2023-08-16T17:37:58.877-0500][gc,heap      ] GC(1) Survivor regions: 7->2(7)
[2023-08-16T17:37:58.877-0500][gc,heap      ] GC(1) Old regions: 2->9
[2023-08-16T17:37:58.877-0500][gc,heap      ] GC(1) Humongous regions: 0->0
[2023-08-16T17:37:58.877-0500][gc,metaspace ] GC(1) Metaspace: 20541K(21248K)->20541K(21248K) NonClass: 18061K(18432K)->18061K(18432K) Class: 2480K(2816K)->2480K(2816K)
[2023-08-16T17:37:58.877-0500][gc           ] GC(1) Pause Young (Concurrent Start) (Metadata GC Threshold) 37M->8M(1024M) 7.194ms
[2023-08-16T17:37:58.877-0500][gc,cpu       ] GC(1) User=0.00s Sys=0.04s Real=0.01s
[2023-08-16T17:37:58.877-0500][gc           ] GC(2) Concurrent Cycle
[2023-08-16T17:37:58.877-0500][gc,marking   ] GC(2) Concurrent Clear Claimed Marks
[2023-08-16T17:37:58.877-0500][gc,marking   ] GC(2) Concurrent Clear Claimed Marks 0.053ms
[2023-08-16T17:37:58.877-0500][gc,marking   ] GC(2) Concurrent Scan Root Regions
[2023-08-16T17:37:58.878-0500][gc,marking   ] GC(2) Concurrent Scan Root Regions 0.902ms
[2023-08-16T17:37:58.878-0500][gc,marking   ] GC(2) Concurrent Mark (0.916s)
[2023-08-16T17:37:58.878-0500][gc,marking   ] GC(2) Concurrent Mark From Roots
[2023-08-16T17:37:58.878-0500][gc,task      ] GC(2) Using 3 workers of 3 for marking
[2023-08-16T17:37:58.881-0500][gc,marking   ] GC(2) Concurrent Mark From Roots 2.769ms
[2023-08-16T17:37:58.881-0500][gc,marking   ] GC(2) Concurrent Preclean
[2023-08-16T17:37:58.881-0500][gc,marking   ] GC(2) Concurrent Preclean 0.074ms
[2023-08-16T17:37:58.881-0500][gc,marking   ] GC(2) Concurrent Mark (0.916s, 0.919s) 2.914ms
[2023-08-16T17:37:58.881-0500][gc,start     ] GC(2) Pause Remark
[2023-08-16T17:37:58.883-0500][gc,stringtable] GC(2) Cleaned string and symbol table, strings: 5134 processed, 0 removed, symbols: 52931 processed, 43 removed
[2023-08-16T17:37:58.883-0500][gc            ] GC(2) Pause Remark 8M->8M(1024M) 2.025ms
[2023-08-16T17:37:58.883-0500][gc,cpu        ] GC(2) User=0.00s Sys=0.01s Real=0.00s
[2023-08-16T17:37:58.883-0500][gc,marking    ] GC(2) Concurrent Rebuild Remembered Sets
[2023-08-16T17:37:58.885-0500][gc,marking    ] GC(2) Concurrent Rebuild Remembered Sets 1.554ms
[2023-08-16T17:37:58.885-0500][gc,start      ] GC(2) Pause Cleanup
[2023-08-16T17:37:58.885-0500][gc            ] GC(2) Pause Cleanup 8M->8M(1024M) 0.311ms
[2023-08-16T17:37:58.885-0500][gc,cpu        ] GC(2) User=0.00s Sys=0.00s Real=0.00s
[2023-08-16T17:37:58.886-0500][gc,marking    ] GC(2) Concurrent Cleanup for Next Mark
[2023-08-16T17:37:58.888-0500][gc,marking    ] GC(2) Concurrent Cleanup for Next Mark 2.010ms
[2023-08-16T17:37:58.888-0500][gc            ] GC(2) Concurrent Cycle 10.896ms
[2023-08-16T17:37:59.287-0500][gc,start      ] GC(3) Pause Young (Normal) (G1 Evacuation Pause)
[2023-08-16T17:37:59.287-0500][gc,task       ] GC(3) Using 10 workers of 10 for evacuation
[2023-08-16T17:37:59.290-0500][gc,phases     ] GC(3)   Pre Evacuate Collection Set: 0.0ms
[2023-08-16T17:37:59.290-0500][gc,phases     ] GC(3)   Evacuate Collection Set: 2.2ms
[2023-08-16T17:37:59.290-0500][gc,phases     ] GC(3)   Post Evacuate Collection Set: 0.5ms
[2023-08-16T17:37:59.290-0500][gc,phases     ] GC(3)   Other: 0.2ms
[2023-08-16T17:37:59.290-0500][gc,heap       ] GC(3) Eden regions: 49->0(46)
[2023-08-16T17:37:59.290-0500][gc,heap       ] GC(3) Survivor regions: 2->5(7)
[2023-08-16T17:37:59.290-0500][gc,heap       ] GC(3) Old regions: 9->9
[2023-08-16T17:37:59.290-0500][gc,heap       ] GC(3) Humongous regions: 129->129
[2023-08-16T17:37:59.290-0500][gc,metaspace  ] GC(3) Metaspace: 28845K(30080K)->28845K(30080K) NonClass: 25451K(26112K)->25451K(26112K) Class: 3394K(3968K)->3394K(3968K)
[2023-08-16T17:37:59.290-0500][gc            ] GC(3) Pause Young (Normal) (G1 Evacuation Pause) 186M->140M(1024M) 3.047ms
[2023-08-16T17:37:59.290-0500][gc,cpu        ] GC(3) User=0.02s Sys=0.00s Real=0.00s
[2023-08-16T17:37:59.502-0500][gc,start      ] GC(4) Pause Young (Concurrent Start) (Metadata GC Threshold)
[2023-08-16T17:37:59.502-0500][gc,task       ] GC(4) Using 10 workers of 10 for evacuation
[2023-08-16T17:37:59.506-0500][gc,phases     ] GC(4)   Pre Evacuate Collection Set: 0.1ms
[2023-08-16T17:37:59.506-0500][gc,phases     ] GC(4)   Evacuate Collection Set: 3.0ms
[2023-08-16T17:37:59.506-0500][gc,phases     ] GC(4)   Post Evacuate Collection Set: 0.6ms
[2023-08-16T17:37:59.506-0500][gc,phases     ] GC(4)   Other: 0.3ms
[2023-08-16T17:37:59.506-0500][gc,heap       ] GC(4) Eden regions: 29->0(45)
[2023-08-16T17:37:59.506-0500][gc,heap       ] GC(4) Survivor regions: 5->6(7)
[2023-08-16T17:37:59.506-0500][gc,heap       ] GC(4) Old regions: 9->10
[2023-08-16T17:37:59.506-0500][gc,heap       ] GC(4) Humongous regions: 129->129
[2023-08-16T17:37:59.506-0500][gc,metaspace  ] GC(4) Metaspace: 34261K(35840K)->34261K(35840K) NonClass: 30272K(31232K)->30272K(31232K) Class: 3989K(4608K)->3989K(4608K)
[2023-08-16T17:37:59.506-0500][gc            ] GC(4) Pause Young (Concurrent Start) (Metadata GC Threshold) 169M->142M(1024M) 4.073ms
[2023-08-16T17:37:59.506-0500][gc,cpu        ] GC(4) User=0.03s Sys=0.01s Real=0.00s
[2023-08-16T17:37:59.506-0500][gc            ] GC(5) Concurrent Cycle
[2023-08-16T17:37:59.506-0500][gc,marking    ] GC(5) Concurrent Clear Claimed Marks
[2023-08-16T17:37:59.506-0500][gc,marking    ] GC(5) Concurrent Clear Claimed Marks 0.077ms
[2023-08-16T17:37:59.506-0500][gc,marking    ] GC(5) Concurrent Scan Root Regions
[2023-08-16T17:37:59.507-0500][gc,marking    ] GC(5) Concurrent Scan Root Regions 1.296ms
[2023-08-16T17:37:59.507-0500][gc,marking    ] GC(5) Concurrent Mark (1.546s)
[2023-08-16T17:37:59.507-0500][gc,marking    ] GC(5) Concurrent Mark From Roots
[2023-08-16T17:37:59.507-0500][gc,task       ] GC(5) Using 3 workers of 3 for marking
[2023-08-16T17:37:59.511-0500][gc,marking    ] GC(5) Concurrent Mark From Roots 3.246ms
[2023-08-16T17:37:59.511-0500][gc,marking    ] GC(5) Concurrent Preclean
[2023-08-16T17:37:59.511-0500][gc,marking    ] GC(5) Concurrent Preclean 0.078ms
[2023-08-16T17:37:59.511-0500][gc,marking    ] GC(5) Concurrent Mark (1.546s, 1.549s) 3.405ms
[2023-08-16T17:37:59.511-0500][gc,start      ] GC(5) Pause Remark
[2023-08-16T17:37:59.513-0500][gc,stringtable] GC(5) Cleaned string and symbol table, strings: 9768 processed, 13 removed, symbols: 85909 processed, 15 removed
[2023-08-16T17:37:59.513-0500][gc            ] GC(5) Pause Remark 143M->143M(1024M) 2.169ms
[2023-08-16T17:37:59.513-0500][gc,cpu        ] GC(5) User=0.01s Sys=0.00s Real=0.00s
[2023-08-16T17:37:59.513-0500][gc,marking    ] GC(5) Concurrent Rebuild Remembered Sets
[2023-08-16T17:37:59.515-0500][gc,marking    ] GC(5) Concurrent Rebuild Remembered Sets 2.089ms
[2023-08-16T17:37:59.516-0500][gc,start      ] GC(5) Pause Cleanup
[2023-08-16T17:37:59.516-0500][gc            ] GC(5) Pause Cleanup 144M->144M(1024M) 0.337ms
[2023-08-16T17:37:59.516-0500][gc,cpu        ] GC(5) User=0.00s Sys=0.00s Real=0.00s
[2023-08-16T17:37:59.517-0500][gc,marking    ] GC(5) Concurrent Cleanup for Next Mark
[2023-08-16T17:37:59.522-0500][gc,marking    ] GC(5) Concurrent Cleanup for Next Mark 4.947ms
[2023-08-16T17:37:59.522-0500][gc            ] GC(5) Concurrent Cycle 15.927ms
[2023-08-16T17:39:43.939-0500][gc,heap,exit  ] Heap
[2023-08-16T17:39:43.939-0500][gc,heap,exit  ]  garbage-first heap   total 1048576K, used 178856K [0x00000000c0000000, 0x0000000100000000)
[2023-08-16T17:39:43.939-0500][gc,heap,exit  ]   region size 1024K, 40 young (40960K), 6 survivors (6144K)
[2023-08-16T17:39:43.939-0500][gc,heap,exit  ]  Metaspace       used 39333K, capacity 41470K, committed 41728K, reserved 1085440K
[2023-08-16T17:39:43.939-0500][gc,heap,exit  ]   class space    used 5054K, capacity 6086K, committed 6144K, reserved 1048576K
