[2023-08-16T17:28:06.616-0500][gc,heap] Heap region size: 1M
[2023-08-16T17:28:06.622-0500][gc     ] Using G1
[2023-08-16T17:28:06.622-0500][gc,heap,coops] Heap address: 0x00000000c0000000, size: 1024 MB, Compressed Oops mode: 32-bit
[2023-08-16T17:28:06.622-0500][gc,cds       ] Mark closed archive regions in map: [0x00000000fff00000, 0x00000000fff6bff8]
[2023-08-16T17:28:06.622-0500][gc,cds       ] Mark open archive regions in map: [0x00000000ffe00000, 0x00000000ffe47ff8]
[2023-08-16T17:28:07.235-0500][gc,start     ] GC(0) Pause Young (Normal) (G1 Evacuation Pause)
[2023-08-16T17:28:07.236-0500][gc,task      ] GC(0) Using 10 workers of 10 for evacuation
[2023-08-16T17:28:07.244-0500][gc,phases    ] GC(0)   Pre Evacuate Collection Set: 0.0ms
[2023-08-16T17:28:07.244-0500][gc,phases    ] GC(0)   Evacuate Collection Set: 6.9ms
[2023-08-16T17:28:07.244-0500][gc,phases    ] GC(0)   Post Evacuate Collection Set: 0.7ms
[2023-08-16T17:28:07.244-0500][gc,phases    ] GC(0)   Other: 1.4ms
[2023-08-16T17:28:07.244-0500][gc,heap      ] GC(0) Eden regions: 51->0(44)
[2023-08-16T17:28:07.244-0500][gc,heap      ] GC(0) Survivor regions: 0->7(7)
[2023-08-16T17:28:07.244-0500][gc,heap      ] GC(0) Old regions: 2->2
[2023-08-16T17:28:07.244-0500][gc,heap      ] GC(0) Humongous regions: 0->0
[2023-08-16T17:28:07.244-0500][gc,metaspace ] GC(0) Metaspace: 14190K(14848K)->14190K(14848K) NonClass: 12448K(12800K)->12448K(12800K) Class: 1742K(2048K)->1742K(2048K)
[2023-08-16T17:28:07.244-0500][gc           ] GC(0) Pause Young (Normal) (G1 Evacuation Pause) 51M->7M(1024M) 9.239ms
[2023-08-16T17:28:07.244-0500][gc,cpu       ] GC(0) User=0.06s Sys=0.01s Real=0.01s
[2023-08-16T17:28:07.606-0500][gc,start     ] GC(1) Pause Young (Concurrent Start) (Metadata GC Threshold)
[2023-08-16T17:28:07.606-0500][gc,task      ] GC(1) Using 10 workers of 10 for evacuation
[2023-08-16T17:28:07.615-0500][gc,phases    ] GC(1)   Pre Evacuate Collection Set: 0.1ms
[2023-08-16T17:28:07.615-0500][gc,phases    ] GC(1)   Evacuate Collection Set: 7.4ms
[2023-08-16T17:28:07.615-0500][gc,phases    ] GC(1)   Post Evacuate Collection Set: 0.6ms
[2023-08-16T17:28:07.615-0500][gc,phases    ] GC(1)   Other: 0.3ms
[2023-08-16T17:28:07.615-0500][gc,heap      ] GC(1) Eden regions: 30->0(49)
[2023-08-16T17:28:07.615-0500][gc,heap      ] GC(1) Survivor regions: 7->2(7)
[2023-08-16T17:28:07.615-0500][gc,heap      ] GC(1) Old regions: 2->9
[2023-08-16T17:28:07.615-0500][gc,heap      ] GC(1) Humongous regions: 0->0
[2023-08-16T17:28:07.615-0500][gc,metaspace ] GC(1) Metaspace: 20594K(21248K)->20594K(21248K) NonClass: 18113K(18432K)->18113K(18432K) Class: 2480K(2816K)->2480K(2816K)
[2023-08-16T17:28:07.615-0500][gc           ] GC(1) Pause Young (Concurrent Start) (Metadata GC Threshold) 37M->8M(1024M) 8.495ms
[2023-08-16T17:28:07.615-0500][gc,cpu       ] GC(1) User=0.04s Sys=0.01s Real=0.01s
[2023-08-16T17:28:07.615-0500][gc           ] GC(2) Concurrent Cycle
[2023-08-16T17:28:07.615-0500][gc,marking   ] GC(2) Concurrent Clear Claimed Marks
[2023-08-16T17:28:07.615-0500][gc,marking   ] GC(2) Concurrent Clear Claimed Marks 0.096ms
[2023-08-16T17:28:07.615-0500][gc,marking   ] GC(2) Concurrent Scan Root Regions
[2023-08-16T17:28:07.616-0500][gc,marking   ] GC(2) Concurrent Scan Root Regions 0.929ms
[2023-08-16T17:28:07.616-0500][gc,marking   ] GC(2) Concurrent Mark (1.001s)
[2023-08-16T17:28:07.616-0500][gc,marking   ] GC(2) Concurrent Mark From Roots
[2023-08-16T17:28:07.616-0500][gc,task      ] GC(2) Using 3 workers of 3 for marking
[2023-08-16T17:28:07.619-0500][gc,marking   ] GC(2) Concurrent Mark From Roots 3.211ms
[2023-08-16T17:28:07.619-0500][gc,marking   ] GC(2) Concurrent Preclean
[2023-08-16T17:28:07.619-0500][gc,marking   ] GC(2) Concurrent Preclean 0.210ms
[2023-08-16T17:28:07.619-0500][gc,marking   ] GC(2) Concurrent Mark (1.001s, 1.005s) 3.617ms
[2023-08-16T17:28:07.620-0500][gc,start     ] GC(2) Pause Remark
[2023-08-16T17:28:07.623-0500][gc,stringtable] GC(2) Cleaned string and symbol table, strings: 5137 processed, 0 removed, symbols: 52948 processed, 43 removed
[2023-08-16T17:28:07.623-0500][gc            ] GC(2) Pause Remark 8M->8M(1024M) 3.325ms
[2023-08-16T17:28:07.623-0500][gc,cpu        ] GC(2) User=0.01s Sys=0.00s Real=0.01s
[2023-08-16T17:28:07.623-0500][gc,marking    ] GC(2) Concurrent Rebuild Remembered Sets
[2023-08-16T17:28:07.626-0500][gc,marking    ] GC(2) Concurrent Rebuild Remembered Sets 2.327ms
[2023-08-16T17:28:07.626-0500][gc,start      ] GC(2) Pause Cleanup
[2023-08-16T17:28:07.627-0500][gc            ] GC(2) Pause Cleanup 8M->8M(1024M) 0.392ms
[2023-08-16T17:28:07.627-0500][gc,cpu        ] GC(2) User=0.00s Sys=0.00s Real=0.00s
[2023-08-16T17:28:07.627-0500][gc,marking    ] GC(2) Concurrent Cleanup for Next Mark
[2023-08-16T17:28:07.631-0500][gc,marking    ] GC(2) Concurrent Cleanup for Next Mark 4.473ms
[2023-08-16T17:28:07.631-0500][gc            ] GC(2) Concurrent Cycle 16.524ms
[2023-08-16T17:28:08.051-0500][gc,start      ] GC(3) Pause Young (Normal) (G1 Evacuation Pause)
[2023-08-16T17:28:08.051-0500][gc,task       ] GC(3) Using 10 workers of 10 for evacuation
[2023-08-16T17:28:08.054-0500][gc,phases     ] GC(3)   Pre Evacuate Collection Set: 0.0ms
[2023-08-16T17:28:08.054-0500][gc,phases     ] GC(3)   Evacuate Collection Set: 2.1ms
[2023-08-16T17:28:08.054-0500][gc,phases     ] GC(3)   Post Evacuate Collection Set: 0.5ms
[2023-08-16T17:28:08.054-0500][gc,phases     ] GC(3)   Other: 0.2ms
[2023-08-16T17:28:08.054-0500][gc,heap       ] GC(3) Eden regions: 49->0(46)
[2023-08-16T17:28:08.054-0500][gc,heap       ] GC(3) Survivor regions: 2->5(7)
[2023-08-16T17:28:08.054-0500][gc,heap       ] GC(3) Old regions: 9->9
[2023-08-16T17:28:08.054-0500][gc,heap       ] GC(3) Humongous regions: 129->129
[2023-08-16T17:28:08.054-0500][gc,metaspace  ] GC(3) Metaspace: 28829K(30080K)->28829K(30080K) NonClass: 25435K(26112K)->25435K(26112K) Class: 3394K(3968K)->3394K(3968K)
[2023-08-16T17:28:08.054-0500][gc            ] GC(3) Pause Young (Normal) (G1 Evacuation Pause) 186M->140M(1024M) 2.836ms
[2023-08-16T17:28:08.054-0500][gc,cpu        ] GC(3) User=0.02s Sys=0.00s Real=0.00s
[2023-08-16T17:28:08.379-0500][gc,heap,exit  ] Heap
[2023-08-16T17:28:08.379-0500][gc,heap,exit  ]  garbage-first heap   total 1048576K, used 165275K [0x00000000c0000000, 0x0000000100000000)
[2023-08-16T17:28:08.379-0500][gc,heap,exit  ]   region size 1024K, 27 young (27648K), 5 survivors (5120K)
[2023-08-16T17:28:08.379-0500][gc,heap,exit  ]  Metaspace       used 31996K, capacity 33340K, committed 33536K, reserved 1079296K
[2023-08-16T17:28:08.379-0500][gc,heap,exit  ]   class space    used 3891K, capacity 4508K, committed 4608K, reserved 1048576K
