[2023-08-16T17:29:26.807-0500][gc,heap] Heap region size: 1M
[2023-08-16T17:29:26.812-0500][gc     ] Using G1
[2023-08-16T17:29:26.812-0500][gc,heap,coops] Heap address: 0x00000000c0000000, size: 1024 MB, Compressed Oops mode: 32-bit
[2023-08-16T17:29:26.812-0500][gc,cds       ] Mark closed archive regions in map: [0x00000000fff00000, 0x00000000fff6bff8]
[2023-08-16T17:29:26.812-0500][gc,cds       ] Mark open archive regions in map: [0x00000000ffe00000, 0x00000000ffe47ff8]
[2023-08-16T17:29:27.401-0500][gc,start     ] GC(0) Pause Young (Normal) (G1 Evacuation Pause)
[2023-08-16T17:29:27.402-0500][gc,task      ] GC(0) Using 10 workers of 10 for evacuation
[2023-08-16T17:29:27.409-0500][gc,phases    ] GC(0)   Pre Evacuate Collection Set: 0.0ms
[2023-08-16T17:29:27.409-0500][gc,phases    ] GC(0)   Evacuate Collection Set: 5.9ms
[2023-08-16T17:29:27.409-0500][gc,phases    ] GC(0)   Post Evacuate Collection Set: 0.9ms
[2023-08-16T17:29:27.409-0500][gc,phases    ] GC(0)   Other: 1.2ms
[2023-08-16T17:29:27.409-0500][gc,heap      ] GC(0) Eden regions: 51->0(44)
[2023-08-16T17:29:27.409-0500][gc,heap      ] GC(0) Survivor regions: 0->7(7)
[2023-08-16T17:29:27.409-0500][gc,heap      ] GC(0) Old regions: 2->2
[2023-08-16T17:29:27.409-0500][gc,heap      ] GC(0) Humongous regions: 0->0
[2023-08-16T17:29:27.409-0500][gc,metaspace ] GC(0) Metaspace: 14191K(14848K)->14191K(14848K) NonClass: 12449K(12800K)->12449K(12800K) Class: 1742K(2048K)->1742K(2048K)
[2023-08-16T17:29:27.409-0500][gc           ] GC(0) Pause Young (Normal) (G1 Evacuation Pause) 51M->7M(1024M) 8.153ms
[2023-08-16T17:29:27.409-0500][gc,cpu       ] GC(0) User=0.04s Sys=0.01s Real=0.01s
[2023-08-16T17:29:27.731-0500][gc,start     ] GC(1) Pause Young (Concurrent Start) (Metadata GC Threshold)
[2023-08-16T17:29:27.731-0500][gc,task      ] GC(1) Using 10 workers of 10 for evacuation
[2023-08-16T17:29:27.740-0500][gc,phases    ] GC(1)   Pre Evacuate Collection Set: 0.1ms
[2023-08-16T17:29:27.740-0500][gc,phases    ] GC(1)   Evacuate Collection Set: 7.8ms
[2023-08-16T17:29:27.740-0500][gc,phases    ] GC(1)   Post Evacuate Collection Set: 0.7ms
[2023-08-16T17:29:27.740-0500][gc,phases    ] GC(1)   Other: 0.2ms
[2023-08-16T17:29:27.740-0500][gc,heap      ] GC(1) Eden regions: 30->0(49)
[2023-08-16T17:29:27.740-0500][gc,heap      ] GC(1) Survivor regions: 7->2(7)
[2023-08-16T17:29:27.740-0500][gc,heap      ] GC(1) Old regions: 2->9
[2023-08-16T17:29:27.740-0500][gc,heap      ] GC(1) Humongous regions: 0->0
[2023-08-16T17:29:27.740-0500][gc,metaspace ] GC(1) Metaspace: 20527K(21248K)->20527K(21248K) NonClass: 18046K(18432K)->18046K(18432K) Class: 2481K(2816K)->2481K(2816K)
[2023-08-16T17:29:27.740-0500][gc           ] GC(1) Pause Young (Concurrent Start) (Metadata GC Threshold) 37M->8M(1024M) 8.909ms
[2023-08-16T17:29:27.740-0500][gc,cpu       ] GC(1) User=0.05s Sys=0.01s Real=0.00s
[2023-08-16T17:29:27.740-0500][gc           ] GC(2) Concurrent Cycle
[2023-08-16T17:29:27.740-0500][gc,marking   ] GC(2) Concurrent Clear Claimed Marks
[2023-08-16T17:29:27.740-0500][gc,marking   ] GC(2) Concurrent Clear Claimed Marks 0.076ms
[2023-08-16T17:29:27.740-0500][gc,marking   ] GC(2) Concurrent Scan Root Regions
[2023-08-16T17:29:27.741-0500][gc,marking   ] GC(2) Concurrent Scan Root Regions 1.208ms
[2023-08-16T17:29:27.741-0500][gc,marking   ] GC(2) Concurrent Mark (0.937s)
[2023-08-16T17:29:27.741-0500][gc,marking   ] GC(2) Concurrent Mark From Roots
[2023-08-16T17:29:27.742-0500][gc,task      ] GC(2) Using 3 workers of 3 for marking
[2023-08-16T17:29:27.744-0500][gc,marking   ] GC(2) Concurrent Mark From Roots 2.925ms
[2023-08-16T17:29:27.744-0500][gc,marking   ] GC(2) Concurrent Preclean
[2023-08-16T17:29:27.745-0500][gc,marking   ] GC(2) Concurrent Preclean 0.086ms
[2023-08-16T17:29:27.745-0500][gc,marking   ] GC(2) Concurrent Mark (0.937s, 0.940s) 3.090ms
[2023-08-16T17:29:27.745-0500][gc,start     ] GC(2) Pause Remark
[2023-08-16T17:29:27.747-0500][gc,stringtable] GC(2) Cleaned string and symbol table, strings: 5136 processed, 0 removed, symbols: 52935 processed, 44 removed
[2023-08-16T17:29:27.747-0500][gc            ] GC(2) Pause Remark 8M->8M(1024M) 2.625ms
[2023-08-16T17:29:27.748-0500][gc,cpu        ] GC(2) User=0.01s Sys=0.00s Real=0.00s
[2023-08-16T17:29:27.748-0500][gc,marking    ] GC(2) Concurrent Rebuild Remembered Sets
[2023-08-16T17:29:27.749-0500][gc,marking    ] GC(2) Concurrent Rebuild Remembered Sets 1.574ms
[2023-08-16T17:29:27.750-0500][gc,start      ] GC(2) Pause Cleanup
[2023-08-16T17:29:27.750-0500][gc            ] GC(2) Pause Cleanup 8M->8M(1024M) 0.386ms
[2023-08-16T17:29:27.750-0500][gc,cpu        ] GC(2) User=0.00s Sys=0.00s Real=0.00s
[2023-08-16T17:29:27.750-0500][gc,marking    ] GC(2) Concurrent Cleanup for Next Mark
[2023-08-16T17:29:27.752-0500][gc,marking    ] GC(2) Concurrent Cleanup for Next Mark 2.091ms
[2023-08-16T17:29:27.752-0500][gc            ] GC(2) Concurrent Cycle 12.256ms
[2023-08-16T17:29:28.165-0500][gc,start      ] GC(3) Pause Young (Normal) (G1 Evacuation Pause)
[2023-08-16T17:29:28.165-0500][gc,task       ] GC(3) Using 10 workers of 10 for evacuation
[2023-08-16T17:29:28.168-0500][gc,phases     ] GC(3)   Pre Evacuate Collection Set: 0.0ms
[2023-08-16T17:29:28.168-0500][gc,phases     ] GC(3)   Evacuate Collection Set: 1.8ms
[2023-08-16T17:29:28.168-0500][gc,phases     ] GC(3)   Post Evacuate Collection Set: 0.6ms
[2023-08-16T17:29:28.168-0500][gc,phases     ] GC(3)   Other: 0.2ms
[2023-08-16T17:29:28.168-0500][gc,heap       ] GC(3) Eden regions: 49->0(46)
[2023-08-16T17:29:28.168-0500][gc,heap       ] GC(3) Survivor regions: 2->5(7)
[2023-08-16T17:29:28.168-0500][gc,heap       ] GC(3) Old regions: 9->9
[2023-08-16T17:29:28.168-0500][gc,heap       ] GC(3) Humongous regions: 129->129
[2023-08-16T17:29:28.168-0500][gc,metaspace  ] GC(3) Metaspace: 28821K(30080K)->28821K(30080K) NonClass: 25426K(26112K)->25426K(26112K) Class: 3394K(3968K)->3394K(3968K)
[2023-08-16T17:29:28.168-0500][gc            ] GC(3) Pause Young (Normal) (G1 Evacuation Pause) 186M->140M(1024M) 2.736ms
[2023-08-16T17:29:28.168-0500][gc,cpu        ] GC(3) User=0.02s Sys=0.00s Real=0.00s
[2023-08-16T17:29:28.394-0500][gc,start      ] GC(4) Pause Young (Concurrent Start) (Metadata GC Threshold)
[2023-08-16T17:29:28.394-0500][gc,task       ] GC(4) Using 10 workers of 10 for evacuation
[2023-08-16T17:29:28.398-0500][gc,phases     ] GC(4)   Pre Evacuate Collection Set: 0.1ms
[2023-08-16T17:29:28.398-0500][gc,phases     ] GC(4)   Evacuate Collection Set: 3.3ms
[2023-08-16T17:29:28.398-0500][gc,phases     ] GC(4)   Post Evacuate Collection Set: 0.7ms
[2023-08-16T17:29:28.398-0500][gc,phases     ] GC(4)   Other: 0.3ms
[2023-08-16T17:29:28.398-0500][gc,heap       ] GC(4) Eden regions: 30->0(45)
[2023-08-16T17:29:28.398-0500][gc,heap       ] GC(4) Survivor regions: 5->6(7)
[2023-08-16T17:29:28.398-0500][gc,heap       ] GC(4) Old regions: 9->10
[2023-08-16T17:29:28.398-0500][gc,heap       ] GC(4) Humongous regions: 129->129
[2023-08-16T17:29:28.398-0500][gc,metaspace  ] GC(4) Metaspace: 34405K(35840K)->34405K(35840K) NonClass: 30384K(31104K)->30384K(31104K) Class: 4020K(4736K)->4020K(4736K)
[2023-08-16T17:29:28.398-0500][gc            ] GC(4) Pause Young (Concurrent Start) (Metadata GC Threshold) 170M->142M(1024M) 4.512ms
[2023-08-16T17:29:28.398-0500][gc,cpu        ] GC(4) User=0.03s Sys=0.00s Real=0.00s
[2023-08-16T17:29:28.399-0500][gc            ] GC(5) Concurrent Cycle
[2023-08-16T17:29:28.399-0500][gc,marking    ] GC(5) Concurrent Clear Claimed Marks
[2023-08-16T17:29:28.399-0500][gc,marking    ] GC(5) Concurrent Clear Claimed Marks 0.121ms
[2023-08-16T17:29:28.399-0500][gc,marking    ] GC(5) Concurrent Scan Root Regions
[2023-08-16T17:29:28.400-0500][gc,marking    ] GC(5) Concurrent Scan Root Regions 1.285ms
[2023-08-16T17:29:28.400-0500][gc,marking    ] GC(5) Concurrent Mark (1.596s)
[2023-08-16T17:29:28.400-0500][gc,marking    ] GC(5) Concurrent Mark From Roots
[2023-08-16T17:29:28.400-0500][gc,task       ] GC(5) Using 3 workers of 3 for marking
[2023-08-16T17:29:28.404-0500][gc,marking    ] GC(5) Concurrent Mark From Roots 4.226ms
[2023-08-16T17:29:28.404-0500][gc,marking    ] GC(5) Concurrent Preclean
[2023-08-16T17:29:28.404-0500][gc,marking    ] GC(5) Concurrent Preclean 0.120ms
[2023-08-16T17:29:28.404-0500][gc,marking    ] GC(5) Concurrent Mark (1.596s, 1.600s) 4.422ms
[2023-08-16T17:29:28.405-0500][gc,start      ] GC(5) Pause Remark
[2023-08-16T17:29:28.407-0500][gc,stringtable] GC(5) Cleaned string and symbol table, strings: 9807 processed, 13 removed, symbols: 86059 processed, 15 removed
[2023-08-16T17:29:28.407-0500][gc            ] GC(5) Pause Remark 143M->143M(1024M) 2.151ms
[2023-08-16T17:29:28.407-0500][gc,cpu        ] GC(5) User=0.02s Sys=0.00s Real=0.00s
[2023-08-16T17:29:28.407-0500][gc,marking    ] GC(5) Concurrent Rebuild Remembered Sets
[2023-08-16T17:29:28.409-0500][gc,marking    ] GC(5) Concurrent Rebuild Remembered Sets 1.571ms
[2023-08-16T17:29:28.409-0500][gc,start      ] GC(5) Pause Cleanup
[2023-08-16T17:29:28.409-0500][gc            ] GC(5) Pause Cleanup 144M->144M(1024M) 0.304ms
[2023-08-16T17:29:28.409-0500][gc,cpu        ] GC(5) User=0.00s Sys=0.00s Real=0.00s
[2023-08-16T17:29:28.409-0500][gc,marking    ] GC(5) Concurrent Cleanup for Next Mark
[2023-08-16T17:29:28.413-0500][gc,marking    ] GC(5) Concurrent Cleanup for Next Mark 3.461ms
[2023-08-16T17:29:28.413-0500][gc            ] GC(5) Concurrent Cycle 14.388ms
[2023-08-16T17:30:42.346-0500][gc,heap,exit  ] Heap
[2023-08-16T17:30:42.346-0500][gc,heap,exit  ]  garbage-first heap   total 1048576K, used 178996K [0x00000000c0000000, 0x0000000100000000)
[2023-08-16T17:30:42.346-0500][gc,heap,exit  ]   region size 1024K, 39 young (39936K), 6 survivors (6144K)
[2023-08-16T17:30:42.346-0500][gc,heap,exit  ]  Metaspace       used 39325K, capacity 41419K, committed 41728K, reserved 1085440K
[2023-08-16T17:30:42.346-0500][gc,heap,exit  ]   class space    used 5055K, capacity 6085K, committed 6144K, reserved 1048576K
