[2023-08-16T17:37:43.939-0500][gc,heap] Heap region size: 1M
[2023-08-16T17:37:43.944-0500][gc     ] Using G1
[2023-08-16T17:37:43.944-0500][gc,heap,coops] Heap address: 0x00000000c0000000, size: 1024 MB, Compressed Oops mode: 32-bit
[2023-08-16T17:37:43.944-0500][gc,cds       ] Mark closed archive regions in map: [0x00000000fff00000, 0x00000000fff6bff8]
[2023-08-16T17:37:43.944-0500][gc,cds       ] Mark open archive regions in map: [0x00000000ffe00000, 0x00000000ffe47ff8]
[2023-08-16T17:37:44.548-0500][gc,start     ] GC(0) Pause Young (Normal) (G1 Evacuation Pause)
[2023-08-16T17:37:44.550-0500][gc,task      ] GC(0) Using 10 workers of 10 for evacuation
[2023-08-16T17:37:44.558-0500][gc,phases    ] GC(0)   Pre Evacuate Collection Set: 0.1ms
[2023-08-16T17:37:44.558-0500][gc,phases    ] GC(0)   Evacuate Collection Set: 7.1ms
[2023-08-16T17:37:44.558-0500][gc,phases    ] GC(0)   Post Evacuate Collection Set: 0.7ms
[2023-08-16T17:37:44.558-0500][gc,phases    ] GC(0)   Other: 1.7ms
[2023-08-16T17:37:44.558-0500][gc,heap      ] GC(0) Eden regions: 51->0(44)
[2023-08-16T17:37:44.558-0500][gc,heap      ] GC(0) Survivor regions: 0->7(7)
[2023-08-16T17:37:44.558-0500][gc,heap      ] GC(0) Old regions: 2->2
[2023-08-16T17:37:44.558-0500][gc,heap      ] GC(0) Humongous regions: 0->0
[2023-08-16T17:37:44.558-0500][gc,metaspace ] GC(0) Metaspace: 14198K(14848K)->14198K(14848K) NonClass: 12455K(12800K)->12455K(12800K) Class: 1743K(2048K)->1743K(2048K)
[2023-08-16T17:37:44.558-0500][gc           ] GC(0) Pause Young (Normal) (G1 Evacuation Pause) 51M->7M(1024M) 9.748ms
[2023-08-16T17:37:44.558-0500][gc,cpu       ] GC(0) User=0.00s Sys=0.07s Real=0.01s
[2023-08-16T17:37:44.855-0500][gc,start     ] GC(1) Pause Young (Concurrent Start) (Metadata GC Threshold)
[2023-08-16T17:37:44.855-0500][gc,task      ] GC(1) Using 10 workers of 10 for evacuation
[2023-08-16T17:37:44.862-0500][gc,phases    ] GC(1)   Pre Evacuate Collection Set: 0.1ms
[2023-08-16T17:37:44.862-0500][gc,phases    ] GC(1)   Evacuate Collection Set: 6.3ms
[2023-08-16T17:37:44.862-0500][gc,phases    ] GC(1)   Post Evacuate Collection Set: 0.6ms
[2023-08-16T17:37:44.862-0500][gc,phases    ] GC(1)   Other: 0.3ms
[2023-08-16T17:37:44.862-0500][gc,heap      ] GC(1) Eden regions: 30->0(49)
[2023-08-16T17:37:44.862-0500][gc,heap      ] GC(1) Survivor regions: 7->2(7)
[2023-08-16T17:37:44.862-0500][gc,heap      ] GC(1) Old regions: 2->9
[2023-08-16T17:37:44.862-0500][gc,heap      ] GC(1) Humongous regions: 0->0
[2023-08-16T17:37:44.862-0500][gc,metaspace ] GC(1) Metaspace: 20536K(21248K)->20536K(21248K) NonClass: 18056K(18432K)->18056K(18432K) Class: 2480K(2816K)->2480K(2816K)
[2023-08-16T17:37:44.862-0500][gc           ] GC(1) Pause Young (Concurrent Start) (Metadata GC Threshold) 37M->8M(1024M) 7.305ms
[2023-08-16T17:37:44.862-0500][gc,cpu       ] GC(1) User=0.02s Sys=0.01s Real=0.01s
[2023-08-16T17:37:44.862-0500][gc           ] GC(2) Concurrent Cycle
[2023-08-16T17:37:44.862-0500][gc,marking   ] GC(2) Concurrent Clear Claimed Marks
[2023-08-16T17:37:44.862-0500][gc,marking   ] GC(2) Concurrent Clear Claimed Marks 0.026ms
[2023-08-16T17:37:44.862-0500][gc,marking   ] GC(2) Concurrent Scan Root Regions
[2023-08-16T17:37:44.863-0500][gc,marking   ] GC(2) Concurrent Scan Root Regions 0.874ms
[2023-08-16T17:37:44.863-0500][gc,marking   ] GC(2) Concurrent Mark (0.926s)
[2023-08-16T17:37:44.863-0500][gc,marking   ] GC(2) Concurrent Mark From Roots
[2023-08-16T17:37:44.863-0500][gc,task      ] GC(2) Using 3 workers of 3 for marking
[2023-08-16T17:37:44.865-0500][gc,marking   ] GC(2) Concurrent Mark From Roots 2.480ms
[2023-08-16T17:37:44.865-0500][gc,marking   ] GC(2) Concurrent Preclean
[2023-08-16T17:37:44.865-0500][gc,marking   ] GC(2) Concurrent Preclean 0.065ms
[2023-08-16T17:37:44.865-0500][gc,marking   ] GC(2) Concurrent Mark (0.926s, 0.929s) 2.615ms
[2023-08-16T17:37:44.866-0500][gc,start     ] GC(2) Pause Remark
[2023-08-16T17:37:44.867-0500][gc,stringtable] GC(2) Cleaned string and symbol table, strings: 5130 processed, 0 removed, symbols: 52931 processed, 43 removed
[2023-08-16T17:37:44.868-0500][gc            ] GC(2) Pause Remark 8M->8M(1024M) 1.885ms
[2023-08-16T17:37:44.868-0500][gc,cpu        ] GC(2) User=0.01s Sys=0.00s Real=0.00s
[2023-08-16T17:37:44.868-0500][gc,marking    ] GC(2) Concurrent Rebuild Remembered Sets
[2023-08-16T17:37:44.870-0500][gc,marking    ] GC(2) Concurrent Rebuild Remembered Sets 1.919ms
[2023-08-16T17:37:44.870-0500][gc,start      ] GC(2) Pause Cleanup
[2023-08-16T17:37:44.870-0500][gc            ] GC(2) Pause Cleanup 8M->8M(1024M) 0.307ms
[2023-08-16T17:37:44.870-0500][gc,cpu        ] GC(2) User=0.01s Sys=0.00s Real=0.00s
[2023-08-16T17:37:44.870-0500][gc,marking    ] GC(2) Concurrent Cleanup for Next Mark
[2023-08-16T17:37:44.873-0500][gc,marking    ] GC(2) Concurrent Cleanup for Next Mark 2.182ms
[2023-08-16T17:37:44.873-0500][gc            ] GC(2) Concurrent Cycle 10.902ms
[2023-08-16T17:37:45.263-0500][gc,start      ] GC(3) Pause Young (Normal) (G1 Evacuation Pause)
[2023-08-16T17:37:45.263-0500][gc,task       ] GC(3) Using 10 workers of 10 for evacuation
[2023-08-16T17:37:45.266-0500][gc,phases     ] GC(3)   Pre Evacuate Collection Set: 0.0ms
[2023-08-16T17:37:45.266-0500][gc,phases     ] GC(3)   Evacuate Collection Set: 2.3ms
[2023-08-16T17:37:45.266-0500][gc,phases     ] GC(3)   Post Evacuate Collection Set: 0.5ms
[2023-08-16T17:37:45.266-0500][gc,phases     ] GC(3)   Other: 0.2ms
[2023-08-16T17:37:45.266-0500][gc,heap       ] GC(3) Eden regions: 49->0(46)
[2023-08-16T17:37:45.266-0500][gc,heap       ] GC(3) Survivor regions: 2->5(7)
[2023-08-16T17:37:45.266-0500][gc,heap       ] GC(3) Old regions: 9->9
[2023-08-16T17:37:45.266-0500][gc,heap       ] GC(3) Humongous regions: 129->129
[2023-08-16T17:37:45.266-0500][gc,metaspace  ] GC(3) Metaspace: 28839K(30080K)->28839K(30080K) NonClass: 25445K(26112K)->25445K(26112K) Class: 3394K(3968K)->3394K(3968K)
[2023-08-16T17:37:45.266-0500][gc            ] GC(3) Pause Young (Normal) (G1 Evacuation Pause) 186M->140M(1024M) 3.090ms
[2023-08-16T17:37:45.266-0500][gc,cpu        ] GC(3) User=0.02s Sys=0.01s Real=0.00s
[2023-08-16T17:37:45.596-0500][gc,heap,exit  ] Heap
[2023-08-16T17:37:45.596-0500][gc,heap,exit  ]  garbage-first heap   total 1048576K, used 165308K [0x00000000c0000000, 0x0000000100000000)
[2023-08-16T17:37:45.596-0500][gc,heap,exit  ]   region size 1024K, 27 young (27648K), 5 survivors (5120K)
[2023-08-16T17:37:45.597-0500][gc,heap,exit  ]  Metaspace       used 32007K, capacity 33352K, committed 33536K, reserved 1079296K
[2023-08-16T17:37:45.597-0500][gc,heap,exit  ]   class space    used 3891K, capacity 4508K, committed 4608K, reserved 1048576K
