[2023-08-16T17:31:34.575-0500][gc,heap] Heap region size: 1M
[2023-08-16T17:31:34.580-0500][gc     ] Using G1
[2023-08-16T17:31:34.580-0500][gc,heap,coops] Heap address: 0x00000000c0000000, size: 1024 MB, Compressed Oops mode: 32-bit
[2023-08-16T17:31:34.580-0500][gc,cds       ] Mark closed archive regions in map: [0x00000000fff00000, 0x00000000fff6bff8]
[2023-08-16T17:31:34.580-0500][gc,cds       ] Mark open archive regions in map: [0x00000000ffe00000, 0x00000000ffe47ff8]
[2023-08-16T17:31:35.150-0500][gc,start     ] GC(0) Pause Young (Normal) (G1 Evacuation Pause)
[2023-08-16T17:31:35.151-0500][gc,task      ] GC(0) Using 10 workers of 10 for evacuation
[2023-08-16T17:31:35.159-0500][gc,phases    ] GC(0)   Pre Evacuate Collection Set: 0.1ms
[2023-08-16T17:31:35.159-0500][gc,phases    ] GC(0)   Evacuate Collection Set: 6.8ms
[2023-08-16T17:31:35.159-0500][gc,phases    ] GC(0)   Post Evacuate Collection Set: 0.9ms
[2023-08-16T17:31:35.159-0500][gc,phases    ] GC(0)   Other: 1.4ms
[2023-08-16T17:31:35.159-0500][gc,heap      ] GC(0) Eden regions: 51->0(44)
[2023-08-16T17:31:35.159-0500][gc,heap      ] GC(0) Survivor regions: 0->7(7)
[2023-08-16T17:31:35.159-0500][gc,heap      ] GC(0) Old regions: 2->2
[2023-08-16T17:31:35.159-0500][gc,heap      ] GC(0) Humongous regions: 0->0
[2023-08-16T17:31:35.159-0500][gc,metaspace ] GC(0) Metaspace: 14184K(14848K)->14184K(14848K) NonClass: 12442K(12800K)->12442K(12800K) Class: 1742K(2048K)->1742K(2048K)
[2023-08-16T17:31:35.159-0500][gc           ] GC(0) Pause Young (Normal) (G1 Evacuation Pause) 51M->7M(1024M) 9.233ms
[2023-08-16T17:31:35.159-0500][gc,cpu       ] GC(0) User=0.07s Sys=0.00s Real=0.01s
[2023-08-16T17:31:35.456-0500][gc,start     ] GC(1) Pause Young (Concurrent Start) (Metadata GC Threshold)
[2023-08-16T17:31:35.456-0500][gc,task      ] GC(1) Using 10 workers of 10 for evacuation
[2023-08-16T17:31:35.464-0500][gc,phases    ] GC(1)   Pre Evacuate Collection Set: 0.1ms
[2023-08-16T17:31:35.464-0500][gc,phases    ] GC(1)   Evacuate Collection Set: 6.7ms
[2023-08-16T17:31:35.464-0500][gc,phases    ] GC(1)   Post Evacuate Collection Set: 0.7ms
[2023-08-16T17:31:35.464-0500][gc,phases    ] GC(1)   Other: 0.3ms
[2023-08-16T17:31:35.464-0500][gc,heap      ] GC(1) Eden regions: 30->0(49)
[2023-08-16T17:31:35.464-0500][gc,heap      ] GC(1) Survivor regions: 7->2(7)
[2023-08-16T17:31:35.464-0500][gc,heap      ] GC(1) Old regions: 2->9
[2023-08-16T17:31:35.464-0500][gc,heap      ] GC(1) Humongous regions: 0->0
[2023-08-16T17:31:35.464-0500][gc,metaspace ] GC(1) Metaspace: 20532K(21248K)->20532K(21248K) NonClass: 18051K(18432K)->18051K(18432K) Class: 2481K(2816K)->2481K(2816K)
[2023-08-16T17:31:35.464-0500][gc           ] GC(1) Pause Young (Concurrent Start) (Metadata GC Threshold) 37M->8M(1024M) 7.888ms
[2023-08-16T17:31:35.464-0500][gc,cpu       ] GC(1) User=0.03s Sys=0.01s Real=0.01s
[2023-08-16T17:31:35.464-0500][gc           ] GC(2) Concurrent Cycle
[2023-08-16T17:31:35.464-0500][gc,marking   ] GC(2) Concurrent Clear Claimed Marks
[2023-08-16T17:31:35.464-0500][gc,marking   ] GC(2) Concurrent Clear Claimed Marks 0.030ms
[2023-08-16T17:31:35.464-0500][gc,marking   ] GC(2) Concurrent Scan Root Regions
[2023-08-16T17:31:35.465-0500][gc,marking   ] GC(2) Concurrent Scan Root Regions 0.969ms
[2023-08-16T17:31:35.465-0500][gc,marking   ] GC(2) Concurrent Mark (0.892s)
[2023-08-16T17:31:35.465-0500][gc,marking   ] GC(2) Concurrent Mark From Roots
[2023-08-16T17:31:35.465-0500][gc,task      ] GC(2) Using 3 workers of 3 for marking
[2023-08-16T17:31:35.468-0500][gc,marking   ] GC(2) Concurrent Mark From Roots 2.953ms
[2023-08-16T17:31:35.468-0500][gc,marking   ] GC(2) Concurrent Preclean
[2023-08-16T17:31:35.468-0500][gc,marking   ] GC(2) Concurrent Preclean 0.092ms
[2023-08-16T17:31:35.468-0500][gc,marking   ] GC(2) Concurrent Mark (0.892s, 0.895s) 3.119ms
[2023-08-16T17:31:35.468-0500][gc,start     ] GC(2) Pause Remark
[2023-08-16T17:31:35.470-0500][gc,stringtable] GC(2) Cleaned string and symbol table, strings: 5128 processed, 0 removed, symbols: 52904 processed, 43 removed
[2023-08-16T17:31:35.471-0500][gc            ] GC(2) Pause Remark 8M->8M(1024M) 2.428ms
[2023-08-16T17:31:35.471-0500][gc,cpu        ] GC(2) User=0.01s Sys=0.00s Real=0.00s
[2023-08-16T17:31:35.471-0500][gc,marking    ] GC(2) Concurrent Rebuild Remembered Sets
[2023-08-16T17:31:35.473-0500][gc,marking    ] GC(2) Concurrent Rebuild Remembered Sets 1.547ms
[2023-08-16T17:31:35.473-0500][gc,start      ] GC(2) Pause Cleanup
[2023-08-16T17:31:35.473-0500][gc            ] GC(2) Pause Cleanup 8M->8M(1024M) 0.398ms
[2023-08-16T17:31:35.473-0500][gc,cpu        ] GC(2) User=0.00s Sys=0.00s Real=0.00s
[2023-08-16T17:31:35.473-0500][gc,marking    ] GC(2) Concurrent Cleanup for Next Mark
[2023-08-16T17:31:35.475-0500][gc,marking    ] GC(2) Concurrent Cleanup for Next Mark 1.777ms
[2023-08-16T17:31:35.475-0500][gc            ] GC(2) Concurrent Cycle 11.407ms
[2023-08-16T17:31:35.901-0500][gc,start      ] GC(3) Pause Young (Normal) (G1 Evacuation Pause)
[2023-08-16T17:31:35.901-0500][gc,task       ] GC(3) Using 10 workers of 10 for evacuation
[2023-08-16T17:31:35.905-0500][gc,phases     ] GC(3)   Pre Evacuate Collection Set: 0.1ms
[2023-08-16T17:31:35.905-0500][gc,phases     ] GC(3)   Evacuate Collection Set: 2.9ms
[2023-08-16T17:31:35.905-0500][gc,phases     ] GC(3)   Post Evacuate Collection Set: 0.8ms
[2023-08-16T17:31:35.905-0500][gc,phases     ] GC(3)   Other: 0.2ms
[2023-08-16T17:31:35.905-0500][gc,heap       ] GC(3) Eden regions: 49->0(46)
[2023-08-16T17:31:35.905-0500][gc,heap       ] GC(3) Survivor regions: 2->5(7)
[2023-08-16T17:31:35.905-0500][gc,heap       ] GC(3) Old regions: 9->9
[2023-08-16T17:31:35.905-0500][gc,heap       ] GC(3) Humongous regions: 129->129
[2023-08-16T17:31:35.905-0500][gc,metaspace  ] GC(3) Metaspace: 28827K(30080K)->28827K(30080K) NonClass: 25432K(26112K)->25432K(26112K) Class: 3394K(3968K)->3394K(3968K)
[2023-08-16T17:31:35.905-0500][gc            ] GC(3) Pause Young (Normal) (G1 Evacuation Pause) 186M->140M(1024M) 4.119ms
[2023-08-16T17:31:35.905-0500][gc,cpu        ] GC(3) User=0.02s Sys=0.00s Real=0.00s
[2023-08-16T17:31:36.152-0500][gc,start      ] GC(4) Pause Young (Concurrent Start) (Metadata GC Threshold)
[2023-08-16T17:31:36.152-0500][gc,task       ] GC(4) Using 10 workers of 10 for evacuation
[2023-08-16T17:31:36.157-0500][gc,phases     ] GC(4)   Pre Evacuate Collection Set: 0.1ms
[2023-08-16T17:31:36.157-0500][gc,phases     ] GC(4)   Evacuate Collection Set: 3.3ms
[2023-08-16T17:31:36.157-0500][gc,phases     ] GC(4)   Post Evacuate Collection Set: 0.8ms
[2023-08-16T17:31:36.157-0500][gc,phases     ] GC(4)   Other: 0.3ms
[2023-08-16T17:31:36.157-0500][gc,heap       ] GC(4) Eden regions: 29->0(45)
[2023-08-16T17:31:36.157-0500][gc,heap       ] GC(4) Survivor regions: 5->6(7)
[2023-08-16T17:31:36.157-0500][gc,heap       ] GC(4) Old regions: 9->10
[2023-08-16T17:31:36.157-0500][gc,heap       ] GC(4) Humongous regions: 129->129
[2023-08-16T17:31:36.157-0500][gc,metaspace  ] GC(4) Metaspace: 34285K(35840K)->34285K(35840K) NonClass: 30294K(31232K)->30294K(31232K) Class: 3990K(4608K)->3990K(4608K)
[2023-08-16T17:31:36.157-0500][gc            ] GC(4) Pause Young (Concurrent Start) (Metadata GC Threshold) 168M->142M(1024M) 4.636ms
[2023-08-16T17:31:36.157-0500][gc,cpu        ] GC(4) User=0.03s Sys=0.00s Real=0.00s
[2023-08-16T17:31:36.157-0500][gc            ] GC(5) Concurrent Cycle
[2023-08-16T17:31:36.157-0500][gc,marking    ] GC(5) Concurrent Clear Claimed Marks
[2023-08-16T17:31:36.157-0500][gc,marking    ] GC(5) Concurrent Clear Claimed Marks 0.173ms
[2023-08-16T17:31:36.157-0500][gc,marking    ] GC(5) Concurrent Scan Root Regions
[2023-08-16T17:31:36.159-0500][gc,marking    ] GC(5) Concurrent Scan Root Regions 1.539ms
[2023-08-16T17:31:36.159-0500][gc,marking    ] GC(5) Concurrent Mark (1.586s)
[2023-08-16T17:31:36.159-0500][gc,marking    ] GC(5) Concurrent Mark From Roots
[2023-08-16T17:31:36.159-0500][gc,task       ] GC(5) Using 3 workers of 3 for marking
[2023-08-16T17:31:36.163-0500][gc,marking    ] GC(5) Concurrent Mark From Roots 3.899ms
[2023-08-16T17:31:36.163-0500][gc,marking    ] GC(5) Concurrent Preclean
[2023-08-16T17:31:36.163-0500][gc,marking    ] GC(5) Concurrent Preclean 0.093ms
[2023-08-16T17:31:36.163-0500][gc,marking    ] GC(5) Concurrent Mark (1.586s, 1.590s) 4.082ms
[2023-08-16T17:31:36.163-0500][gc,start      ] GC(5) Pause Remark
[2023-08-16T17:31:36.166-0500][gc,stringtable] GC(5) Cleaned string and symbol table, strings: 9777 processed, 13 removed, symbols: 85958 processed, 15 removed
[2023-08-16T17:31:36.166-0500][gc            ] GC(5) Pause Remark 143M->143M(1024M) 3.004ms
[2023-08-16T17:31:36.166-0500][gc,cpu        ] GC(5) User=0.03s Sys=0.00s Real=0.00s
[2023-08-16T17:31:36.166-0500][gc,marking    ] GC(5) Concurrent Rebuild Remembered Sets
[2023-08-16T17:31:36.169-0500][gc,marking    ] GC(5) Concurrent Rebuild Remembered Sets 2.504ms
[2023-08-16T17:31:36.170-0500][gc,start      ] GC(5) Pause Cleanup
[2023-08-16T17:31:36.170-0500][gc            ] GC(5) Pause Cleanup 144M->144M(1024M) 0.337ms
[2023-08-16T17:31:36.170-0500][gc,cpu        ] GC(5) User=0.00s Sys=0.00s Real=0.00s
[2023-08-16T17:31:36.170-0500][gc,marking    ] GC(5) Concurrent Cleanup for Next Mark
[2023-08-16T17:31:36.175-0500][gc,marking    ] GC(5) Concurrent Cleanup for Next Mark 5.123ms
[2023-08-16T17:31:36.175-0500][gc            ] GC(5) Concurrent Cycle 18.310ms
[2023-08-16T17:32:33.911-0500][gc,heap,exit  ] Heap
[2023-08-16T17:32:33.911-0500][gc,heap,exit  ]  garbage-first heap   total 1048576K, used 179851K [0x00000000c0000000, 0x0000000100000000)
[2023-08-16T17:32:33.911-0500][gc,heap,exit  ]   region size 1024K, 40 young (40960K), 6 survivors (6144K)
[2023-08-16T17:32:33.911-0500][gc,heap,exit  ]  Metaspace       used 39341K, capacity 41441K, committed 41728K, reserved 1085440K
[2023-08-16T17:32:33.911-0500][gc,heap,exit  ]   class space    used 5062K, capacity 6097K, committed 6144K, reserved 1048576K
