[2023-08-16T17:26:48.629-0500][gc,heap] Heap region size: 1M
[2023-08-16T17:26:48.632-0500][gc     ] Using G1
[2023-08-16T17:26:48.632-0500][gc,heap,coops] Heap address: 0x00000000e0000000, size: 512 MB, Compressed Oops mode: 32-bit
[2023-08-16T17:26:48.632-0500][gc,cds       ] Mark closed archive regions in map: [0x00000000fff00000, 0x00000000fff6bff8]
[2023-08-16T17:26:48.632-0500][gc,cds       ] Mark open archive regions in map: [0x00000000ffe00000, 0x00000000ffe47ff8]
[2023-08-16T17:26:49.158-0500][gc,start     ] GC(0) Pause Young (Normal) (G1 Evacuation Pause)
[2023-08-16T17:26:49.159-0500][gc,task      ] GC(0) Using 10 workers of 10 for evacuation
[2023-08-16T17:26:49.166-0500][gc,phases    ] GC(0)   Pre Evacuate Collection Set: 0.0ms
[2023-08-16T17:26:49.166-0500][gc,phases    ] GC(0)   Evacuate Collection Set: 6.2ms
[2023-08-16T17:26:49.166-0500][gc,phases    ] GC(0)   Post Evacuate Collection Set: 0.6ms
[2023-08-16T17:26:49.166-0500][gc,phases    ] GC(0)   Other: 1.5ms
[2023-08-16T17:26:49.166-0500][gc,heap      ] GC(0) Eden regions: 25->0(21)
[2023-08-16T17:26:49.166-0500][gc,heap      ] GC(0) Survivor regions: 0->4(4)
[2023-08-16T17:26:49.166-0500][gc,heap      ] GC(0) Old regions: 2->5
[2023-08-16T17:26:49.166-0500][gc,heap      ] GC(0) Humongous regions: 0->0
[2023-08-16T17:26:49.166-0500][gc,metaspace ] GC(0) Metaspace: 7342K(7936K)->7342K(7936K) NonClass: 6522K(6912K)->6522K(6912K) Class: 819K(1024K)->819K(1024K)
[2023-08-16T17:26:49.166-0500][gc           ] GC(0) Pause Young (Normal) (G1 Evacuation Pause) 25M->7M(512M) 8.393ms
[2023-08-16T17:26:49.166-0500][gc,cpu       ] GC(0) User=0.00s Sys=0.06s Real=0.01s
[2023-08-16T17:27:41.934-0500][gc,heap,exit ] Heap
[2023-08-16T17:27:41.934-0500][gc,heap,exit ]  garbage-first heap   total 524288K, used 20133K [0x00000000e0000000, 0x0000000100000000)
[2023-08-16T17:27:41.934-0500][gc,heap,exit ]   region size 1024K, 17 young (17408K), 4 survivors (4096K)
[2023-08-16T17:27:41.934-0500][gc,heap,exit ]  Metaspace       used 8868K, capacity 9271K, committed 9344K, reserved 1056768K
[2023-08-16T17:27:41.934-0500][gc,heap,exit ]   class space    used 978K, capacity 1121K, committed 1152K, reserved 1048576K
