[2023-08-16T17:31:12.784-0500][gc,heap] Heap region size: 1M
[2023-08-16T17:31:12.787-0500][gc     ] Using G1
[2023-08-16T17:31:12.787-0500][gc,heap,coops] Heap address: 0x00000000e0000000, size: 512 MB, Compressed Oops mode: 32-bit
[2023-08-16T17:31:12.787-0500][gc,cds       ] Mark closed archive regions in map: [0x00000000fff00000, 0x00000000fff6bff8]
[2023-08-16T17:31:12.787-0500][gc,cds       ] Mark open archive regions in map: [0x00000000ffe00000, 0x00000000ffe47ff8]
[2023-08-16T17:31:13.151-0500][gc,start     ] GC(0) Pause Young (Normal) (G1 Evacuation Pause)
[2023-08-16T17:31:13.152-0500][gc,task      ] GC(0) Using 10 workers of 10 for evacuation
[2023-08-16T17:31:13.160-0500][gc,phases    ] GC(0)   Pre Evacuate Collection Set: 0.0ms
[2023-08-16T17:31:13.160-0500][gc,phases    ] GC(0)   Evacuate Collection Set: 6.8ms
[2023-08-16T17:31:13.160-0500][gc,phases    ] GC(0)   Post Evacuate Collection Set: 0.6ms
[2023-08-16T17:31:13.160-0500][gc,phases    ] GC(0)   Other: 1.2ms
[2023-08-16T17:31:13.160-0500][gc,heap      ] GC(0) Eden regions: 25->0(21)
[2023-08-16T17:31:13.160-0500][gc,heap      ] GC(0) Survivor regions: 0->4(4)
[2023-08-16T17:31:13.160-0500][gc,heap      ] GC(0) Old regions: 2->6
[2023-08-16T17:31:13.160-0500][gc,heap      ] GC(0) Humongous regions: 0->0
[2023-08-16T17:31:13.160-0500][gc,metaspace ] GC(0) Metaspace: 7391K(7936K)->7391K(7936K) NonClass: 6550K(6912K)->6550K(6912K) Class: 841K(1024K)->841K(1024K)
[2023-08-16T17:31:13.160-0500][gc           ] GC(0) Pause Young (Normal) (G1 Evacuation Pause) 25M->7M(512M) 8.792ms
[2023-08-16T17:31:13.160-0500][gc,cpu       ] GC(0) User=0.06s Sys=0.00s Real=0.00s
[2023-08-16T17:32:34.906-0500][gc,heap,exit ] Heap
[2023-08-16T17:32:34.906-0500][gc,heap,exit ]  garbage-first heap   total 524288K, used 23296K [0x00000000e0000000, 0x0000000100000000)
[2023-08-16T17:32:34.906-0500][gc,heap,exit ]   region size 1024K, 20 young (20480K), 4 survivors (4096K)
[2023-08-16T17:32:34.906-0500][gc,heap,exit ]  Metaspace       used 9781K, capacity 10256K, committed 10368K, reserved 1058816K
[2023-08-16T17:32:34.906-0500][gc,heap,exit ]   class space    used 1110K, capacity 1316K, committed 1408K, reserved 1048576K
